0 verbose cli /Users/efrainbriceno/.nvm/versions/node/v22.23.2/bin/node /Users/efrainbriceno/.nvm/versions/node/v22.23.2/bin/npm
1 info using npm@10.9.8
2 info using node@v22.23.2
3 silly config load:file:/Users/efrainbriceno/.nvm/versions/node/v22.23.2/lib/node_modules/npm/npmrc
4 info config found workspace root at /Users/efrainbriceno/vertebra-website
5 silly config load:file:/Users/efrainbriceno/vertebra-website/.npmrc
6 silly config load:file:/Users/efrainbriceno/vertebra-website/frontend/public/assets/home/.npmrc
7 silly config load:file:/Users/efrainbriceno/.nvm/versions/node/v22.23.2/etc/npmrc
8 verbose title npm run dev --host 127.0.0.1 --port 4321
9 verbose argv "run" "dev" "--" "--host" "127.0.0.1" "--port" "4321"
10 verbose logfile logs-max:10 dir:/Users/efrainbriceno/vertebra-website/frontend/public/assets/home/.npm/_logs/2026-08-06T21_55_36_331Z-
11 verbose logfile /Users/efrainbriceno/vertebra-website/frontend/public/assets/home/.npm/_logs/2026-08-06T21_55_36_331Z-debug-0.log
12 silly logfile done cleaning log files
13 verbose stack Error: command failed
13 verbose stack     at promiseSpawn (/Users/efrainbriceno/.nvm/versions/node/v22.23.2/lib/node_modules/npm/node_modules/@npmcli/promise-spawn/lib/index.js:22:22)
13 verbose stack     at spawnWithShell (/Users/efrainbriceno/.nvm/versions/node/v22.23.2/lib/node_modules/npm/node_modules/@npmcli/promise-spawn/lib/index.js:124:10)
13 verbose stack     at promiseSpawn (/Users/efrainbriceno/.nvm/versions/node/v22.23.2/lib/node_modules/npm/node_modules/@npmcli/promise-spawn/lib/index.js:12:12)
13 verbose stack     at runScriptPkg (/Users/efrainbriceno/.nvm/versions/node/v22.23.2/lib/node_modules/npm/node_modules/@npmcli/run-script/lib/run-script-pkg.js:79:13)
13 verbose stack     at runScript (/Users/efrainbriceno/.nvm/versions/node/v22.23.2/lib/node_modules/npm/node_modules/@npmcli/run-script/lib/run-script.js:9:12)
13 verbose stack     at #run (/Users/efrainbriceno/.nvm/versions/node/v22.23.2/lib/node_modules/npm/lib/commands/run-script.js:131:13)
13 verbose stack     at RunScript.execWorkspaces (/Users/efrainbriceno/.nvm/versions/node/v22.23.2/lib/node_modules/npm/lib/commands/run-script.js:63:24)
13 verbose stack     at async Npm.exec (/Users/efrainbriceno/.nvm/versions/node/v22.23.2/lib/node_modules/npm/lib/npm.js:207:9)
13 verbose stack     at async module.exports (/Users/efrainbriceno/.nvm/versions/node/v22.23.2/lib/node_modules/npm/lib/cli/entry.js:74:5)
14 verbose pkgid frontend@0.1.0
15 error Lifecycle script `dev` failed with error:
16 error code 143
17 error path /Users/efrainbriceno/vertebra-website/frontend
18 error workspace frontend@0.1.0
19 error location /Users/efrainbriceno/vertebra-website/frontend
20 error command failed
21 error command sh -c astro dev --host 127.0.0.1 --port 4321
22 verbose cwd /Users/efrainbriceno/vertebra-website/frontend
23 verbose os Darwin 25.5.0
24 verbose node v22.23.2
25 verbose npm  v10.9.8
26 verbose exit 143
27 verbose code 143
